// Jest Snapshot v1, https://goo.gl/fbAQLP

exports[`Pruebas en TodoList.test debe mostrarse correctamente 1`] = `
<ul
  className="list-group list-group-flush"
>
  <TodoListItem
    handleDelete={[MockFunction]}
    index={0}
    key="1"
    todo={
      Object {
        "desc": "Aprender React",
        "done": false,
        "id": 1,
      }
    }
    toggleDone={[MockFunction]}
  />
  <TodoListItem
    handleDelete={[MockFunction]}
    index={1}
    key="2"
    todo={
      Object {
        "desc": "Aprender Mongo",
        "done": false,
        "id": 2,
      }
    }
    toggleDone={[MockFunction]}
  />
</ul>
`;
