// Jest Snapshot v1, https://goo.gl/fbAQLP

exports[`Pruebas en LoginScreen.test debe mostrarse correctamente 1`] = `
Array [
  <h1>
    LoginScreen
  </h1>,
  <hr />,
  <button
    className="btn btn-outline-primary"
    onClick={[Function]}
  >
    Login
  </button>,
]
`;
